
############################################################
# VALIDATOR FEATURE TESTS
############################################################

============================================================
Testing Pattern (Regex) Validation
============================================================
[PASS] Valid product: {'name': 'Laptop', 'sku': 'ABC-1234', 'price': 999.99, 'quantity': 0, 'category': 'electronics', 'tags': []}
[PASS] Correct pattern error: SKU must be in format ABC-1234

============================================================
Testing Password Validation
============================================================
  'weak': Passw0rd!S... -> Strength: strong
  'Common!': password12... -> Strength: weak
  'Short!': Ab1!... -> Strength: invalid
  'NoSpecial': Password12... -> Strength: weak

============================================================
Testing Enum Validation
============================================================
[PASS] Valid order status (by value): OrderStatus.SHIPPED
[PASS] Correct enum error: Invalid enum value. Valid values: ['pending', 'pro...

============================================================
Testing Choices Validation
============================================================
[PASS] Valid category: books
[PASS] Correct choices error: Value must be one of: 'electronics', 'clothing', 'food', 'books', 'other'

============================================================
Testing Nested Validators
============================================================
[PASS] Nested address validated:
    Street: 456 Oak Avenue
    City: Los Angeles
    Full dict: {'order_id': 'ORD-99999999', 'status': 'processing', 'customer_email': 'customer@example.com', 'shipping_address': {'street': '456 Oak Avenue', 'city': 'Los Angeles', 'state': 'CA', 'postal_code': '90001-1234', 'country': 'USA'}, 'total': 299.99}
[PASS] Nested field error at '('body', 'shipping_address.postal_code')': Invalid postal code format. Expected: 12345 or 12345-6789

============================================================
Testing Default Values
============================================================
[PASS] Default quantity: 0
[PASS] Default tags: []
[PASS] Default role: user
[PASS] Default subscription: free
[PASS] Default is_active: True
[PASS] Auto-generated created_at: 2025-12-17T11:39:53.644973

============================================================
Testing Complete User Registration
============================================================
[PASS] User registration successful!

User Data:
  username: janedoe_2024
  email: jane@company.com
  password: MyStr0ng!P@ssword
  role: admin
  subscription: premium
  address:
    street: 789 Pine Street
    city: Chicago
    state: IL
    postal_code: 60601
    country: USA
  contact:
    phone: +13125551234
    email: jane@company.com
  created_at: 2025-12-17T11:39:53.645113
  is_active: True
  age: 28

============================================================
All tests completed!
============================================================

